// Bun Snapshot v1, https://bun.sh/docs/test/snapshots

exports[`generateModelConfig no providers available returns ULTIMATE_FALLBACK for all agents and categories when no providers 1`] = `
{
  "$schema": "https://raw.githubusercontent.com/nalrom/oh-my-freeagent/main/assets/oh-my-opencode.schema.json",
  "agents": {
    "atlas": {
      "model": "opencode/mimo-v2.5-free",
    },
    "explore": {
      "model": "opencode/mimo-v2.5-free",
    },
    "hephaestus": {
      "model": "opencode/mimo-v2.5-free",
    },
    "librarian": {
      "model": "opencode/mimo-v2.5-free",
    },
    "metis": {
      "model": "opencode/mimo-v2.5-free",
    },
    "momus": {
      "model": "opencode/mimo-v2.5-free",
    },
    "multimodal-looker": {
      "model": "opencode/mimo-v2.5-free",
    },
    "oracle": {
      "model": "opencode/mimo-v2.5-free",
    },
    "prometheus": {
      "model": "opencode/mimo-v2.5-free",
    },
    "sisyphus-junior": {
      "model": "opencode/mimo-v2.5-free",
    },
  },
  "categories": {
    "artistry": {
      "model": "opencode/mimo-v2.5-free",
    },
    "deep": {
      "model": "opencode/mimo-v2.5-free",
    },
    "quick": {
      "model": "opencode/mimo-v2.5-free",
    },
    "ultrabrain": {
      "model": "opencode/mimo-v2.5-free",
    },
    "unspecified-high": {
      "model": "opencode/mimo-v2.5-free",
    },
    "unspecified-low": {
      "model": "opencode/mimo-v2.5-free",
    },
    "visual-engineering": {
      "model": "opencode/mimo-v2.5-free",
    },
    "writing": {
      "model": "opencode/mimo-v2.5-free",
    },
  },
}
`;

exports[`generateModelConfig single native provider uses Claude models when only Claude is available 1`] = `
{
  "$schema": "https://raw.githubusercontent.com/nalrom/oh-my-freeagent/main/assets/oh-my-opencode.schema.json",
  "agents": {
    "atlas": {
      "model": "opencode/mimo-v2.5-free",
    },
    "explore": {
      "model": "anthropic/claude-haiku-4-5",
    },
    "hephaestus": {
      "model": "opencode/mimo-v2.5-free",
    },
    "metis": {
      "model": "opencode/mimo-v2.5-free",
    },
    "momus": {
      "model": "opencode/mimo-v2.5-free",
    },
    "multimodal-looker": {
      "model": "opencode/mimo-v2.5-free",
    },
    "oracle": {
      "model": "opencode/mimo-v2.5-free",
    },
    "prometheus": {
      "model": "opencode/mimo-v2.5-free",
    },
    "sisyphus-junior": {
      "model": "opencode/mimo-v2.5-free",
    },
  },
  "categories": {
    "artistry": {
      "model": "opencode/mimo-v2.5-free",
    },
    "deep": {
      "model": "opencode/mimo-v2.5-free",
    },
    "quick": {
      "model": "opencode/mimo-v2.5-free",
    },
    "ultrabrain": {
      "model": "opencode/mimo-v2.5-free",
    },
    "unspecified-high": {
      "model": "opencode/mimo-v2.5-free",
    },
    "unspecified-low": {
      "model": "opencode/mimo-v2.5-free",
    },
    "visual-engineering": {
      "model": "opencode/mimo-v2.5-free",
    },
    "writing": {
      "model": "opencode/mimo-v2.5-free",
    },
  },
}
`;

exports[`generateModelConfig single native provider uses Claude models with isMax20 flag 1`] = `
{
  "$schema": "https://raw.githubusercontent.com/nalrom/oh-my-freeagent/main/assets/oh-my-opencode.schema.json",
  "agents": {
    "atlas": {
      "model": "opencode/mimo-v2.5-free",
    },
    "explore": {
      "model": "anthropic/claude-haiku-4-5",
    },
    "hephaestus": {
      "model": "opencode/mimo-v2.5-free",
    },
    "metis": {
      "model": "opencode/mimo-v2.5-free",
    },
    "momus": {
      "model": "opencode/mimo-v2.5-free",
    },
    "multimodal-looker": {
      "model": "opencode/mimo-v2.5-free",
    },
    "oracle": {
      "model": "opencode/mimo-v2.5-free",
    },
    "prometheus": {
      "model": "opencode/mimo-v2.5-free",
    },
    "sisyphus-junior": {
      "model": "opencode/mimo-v2.5-free",
    },
  },
  "categories": {
    "artistry": {
      "model": "opencode/mimo-v2.5-free",
    },
    "deep": {
      "model": "opencode/mimo-v2.5-free",
    },
    "quick": {
      "model": "opencode/mimo-v2.5-free",
    },
    "ultrabrain": {
      "model": "opencode/mimo-v2.5-free",
    },
    "unspecified-high": {
      "model": "opencode/mimo-v2.5-free",
    },
    "unspecified-low": {
      "model": "opencode/mimo-v2.5-free",
    },
    "visual-engineering": {
      "model": "opencode/mimo-v2.5-free",
    },
    "writing": {
      "model": "opencode/mimo-v2.5-free",
    },
  },
}
`;

exports[`generateModelConfig single native provider uses OpenAI models when only OpenAI is available 1`] = `
{
  "$schema": "https://raw.githubusercontent.com/nalrom/oh-my-freeagent/main/assets/oh-my-opencode.schema.json",
  "agents": {
    "atlas": {
      "model": "opencode/mimo-v2.5-free",
    },
    "explore": {
      "model": "openai/gpt-5.4-mini-fast",
    },
    "hephaestus": {
      "model": "opencode/mimo-v2.5-free",
    },
    "librarian": {
      "model": "openai/gpt-5.4-mini-fast",
    },
    "metis": {
      "model": "opencode/mimo-v2.5-free",
    },
    "momus": {
      "model": "opencode/mimo-v2.5-free",
    },
    "multimodal-looker": {
      "model": "opencode/mimo-v2.5-free",
    },
    "oracle": {
      "model": "opencode/mimo-v2.5-free",
    },
    "prometheus": {
      "model": "opencode/mimo-v2.5-free",
    },
    "sisyphus-junior": {
      "model": "opencode/mimo-v2.5-free",
    },
  },
  "categories": {
    "artistry": {
      "model": "openai/gpt-5.5",
      "variant": "xhigh",
    },
    "deep": {
      "model": "opencode/mimo-v2.5-free",
    },
    "quick": {
      "model": "openai/gpt-5.4-mini",
    },
    "ultrabrain": {
      "model": "opencode/mimo-v2.5-free",
    },
    "unspecified-high": {
      "model": "opencode/mimo-v2.5-free",
    },
    "unspecified-low": {
      "model": "opencode/mimo-v2.5-free",
    },
    "visual-engineering": {
      "model": "openai/gpt-5.5",
      "variant": "high",
    },
    "writing": {
      "model": "openai/gpt-5.5",
      "variant": "medium",
    },
  },
}
`;

exports[`generateModelConfig single native provider uses OpenAI models with isMax20 flag 1`] = `
{
  "$schema": "https://raw.githubusercontent.com/nalrom/oh-my-freeagent/main/assets/oh-my-opencode.schema.json",
  "agents": {
    "atlas": {
      "model": "opencode/mimo-v2.5-free",
    },
    "explore": {
      "model": "openai/gpt-5.4-mini-fast",
    },
    "hephaestus": {
      "model": "opencode/mimo-v2.5-free",
    },
    "librarian": {
      "model": "openai/gpt-5.4-mini-fast",
    },
    "metis": {
      "model": "opencode/mimo-v2.5-free",
    },
    "momus": {
      "model": "opencode/mimo-v2.5-free",
    },
    "multimodal-looker": {
      "model": "opencode/mimo-v2.5-free",
    },
    "oracle": {
      "model": "opencode/mimo-v2.5-free",
    },
    "prometheus": {
      "model": "opencode/mimo-v2.5-free",
    },
    "sisyphus-junior": {
      "model": "opencode/mimo-v2.5-free",
    },
  },
  "categories": {
    "artistry": {
      "model": "openai/gpt-5.5",
      "variant": "xhigh",
    },
    "deep": {
      "model": "opencode/mimo-v2.5-free",
    },
    "quick": {
      "model": "openai/gpt-5.4-mini",
    },
    "ultrabrain": {
      "model": "opencode/mimo-v2.5-free",
    },
    "unspecified-high": {
      "model": "opencode/mimo-v2.5-free",
    },
    "unspecified-low": {
      "model": "opencode/mimo-v2.5-free",
    },
    "visual-engineering": {
      "model": "openai/gpt-5.5",
      "variant": "high",
    },
    "writing": {
      "model": "openai/gpt-5.5",
      "variant": "medium",
    },
  },
}
`;

exports[`generateModelConfig single native provider uses Gemini models when only Gemini is available 1`] = `
{
  "$schema": "https://raw.githubusercontent.com/nalrom/oh-my-freeagent/main/assets/oh-my-opencode.schema.json",
  "agents": {
    "atlas": {
      "model": "opencode/mimo-v2.5-free",
    },
    "explore": {
      "model": "opencode/mimo-v2.5-free",
    },
    "hephaestus": {
      "model": "opencode/mimo-v2.5-free",
    },
    "metis": {
      "model": "opencode/mimo-v2.5-free",
    },
    "momus": {
      "model": "opencode/mimo-v2.5-free",
    },
    "multimodal-looker": {
      "model": "opencode/mimo-v2.5-free",
    },
    "oracle": {
      "model": "opencode/mimo-v2.5-free",
    },
    "prometheus": {
      "model": "opencode/mimo-v2.5-free",
    },
    "sisyphus-junior": {
      "model": "opencode/mimo-v2.5-free",
    },
  },
  "categories": {
    "artistry": {
      "model": "opencode/mimo-v2.5-free",
    },
    "deep": {
      "model": "opencode/mimo-v2.5-free",
    },
    "quick": {
      "model": "opencode/mimo-v2.5-free",
    },
    "ultrabrain": {
      "model": "opencode/mimo-v2.5-free",
    },
    "unspecified-high": {
      "model": "opencode/mimo-v2.5-free",
    },
    "unspecified-low": {
      "model": "opencode/mimo-v2.5-free",
    },
    "visual-engineering": {
      "model": "opencode/mimo-v2.5-free",
    },
    "writing": {
      "model": "opencode/mimo-v2.5-free",
    },
  },
}
`;

exports[`generateModelConfig single native provider uses Gemini models with isMax20 flag 1`] = `
{
  "$schema": "https://raw.githubusercontent.com/nalrom/oh-my-freeagent/main/assets/oh-my-opencode.schema.json",
  "agents": {
    "atlas": {
      "model": "opencode/mimo-v2.5-free",
    },
    "explore": {
      "model": "opencode/mimo-v2.5-free",
    },
    "hephaestus": {
      "model": "opencode/mimo-v2.5-free",
    },
    "metis": {
      "model": "opencode/mimo-v2.5-free",
    },
    "momus": {
      "model": "opencode/mimo-v2.5-free",
    },
    "multimodal-looker": {
      "model": "opencode/mimo-v2.5-free",
    },
    "oracle": {
      "model": "opencode/mimo-v2.5-free",
    },
    "prometheus": {
      "model": "opencode/mimo-v2.5-free",
    },
    "sisyphus-junior": {
      "model": "opencode/mimo-v2.5-free",
    },
  },
  "categories": {
    "artistry": {
      "model": "opencode/mimo-v2.5-free",
    },
    "deep": {
      "model": "opencode/mimo-v2.5-free",
    },
    "quick": {
      "model": "opencode/mimo-v2.5-free",
    },
    "ultrabrain": {
      "model": "opencode/mimo-v2.5-free",
    },
    "unspecified-high": {
      "model": "opencode/mimo-v2.5-free",
    },
    "unspecified-low": {
      "model": "opencode/mimo-v2.5-free",
    },
    "visual-engineering": {
      "model": "opencode/mimo-v2.5-free",
    },
    "writing": {
      "model": "opencode/mimo-v2.5-free",
    },
  },
}
`;

exports[`generateModelConfig all native providers uses preferred models from fallback chains when all natives available 1`] = `
{
  "$schema": "https://raw.githubusercontent.com/nalrom/oh-my-freeagent/main/assets/oh-my-opencode.schema.json",
  "agents": {
    "atlas": {
      "model": "opencode/mimo-v2.5-free",
    },
    "explore": {
      "model": "openai/gpt-5.4-mini-fast",
    },
    "hephaestus": {
      "model": "opencode/mimo-v2.5-free",
    },
    "metis": {
      "model": "opencode/mimo-v2.5-free",
    },
    "momus": {
      "model": "opencode/mimo-v2.5-free",
    },
    "multimodal-looker": {
      "model": "opencode/mimo-v2.5-free",
    },
    "oracle": {
      "model": "opencode/mimo-v2.5-free",
    },
    "prometheus": {
      "model": "opencode/mimo-v2.5-free",
    },
    "sisyphus-junior": {
      "model": "opencode/mimo-v2.5-free",
    },
  },
  "categories": {
    "artistry": {
      "model": "opencode/mimo-v2.5-free",
    },
    "deep": {
      "model": "opencode/mimo-v2.5-free",
    },
    "quick": {
      "model": "opencode/mimo-v2.5-free",
    },
    "ultrabrain": {
      "model": "opencode/mimo-v2.5-free",
    },
    "unspecified-high": {
      "model": "opencode/mimo-v2.5-free",
    },
    "unspecified-low": {
      "model": "opencode/mimo-v2.5-free",
    },
    "visual-engineering": {
      "model": "opencode/mimo-v2.5-free",
    },
    "writing": {
      "model": "opencode/mimo-v2.5-free",
    },
  },
}
`;

exports[`generateModelConfig all native providers uses preferred models with isMax20 flag when all natives available 1`] = `
{
  "$schema": "https://raw.githubusercontent.com/nalrom/oh-my-freeagent/main/assets/oh-my-opencode.schema.json",
  "agents": {
    "atlas": {
      "model": "opencode/mimo-v2.5-free",
    },
    "explore": {
      "model": "openai/gpt-5.4-mini-fast",
    },
    "hephaestus": {
      "model": "opencode/mimo-v2.5-free",
    },
    "metis": {
      "model": "opencode/mimo-v2.5-free",
    },
    "momus": {
      "model": "opencode/mimo-v2.5-free",
    },
    "multimodal-looker": {
      "model": "opencode/mimo-v2.5-free",
    },
    "oracle": {
      "model": "opencode/mimo-v2.5-free",
    },
    "prometheus": {
      "model": "opencode/mimo-v2.5-free",
    },
    "sisyphus-junior": {
      "model": "opencode/mimo-v2.5-free",
    },
  },
  "categories": {
    "artistry": {
      "model": "opencode/mimo-v2.5-free",
    },
    "deep": {
      "model": "opencode/mimo-v2.5-free",
    },
    "quick": {
      "model": "opencode/mimo-v2.5-free",
    },
    "ultrabrain": {
      "model": "opencode/mimo-v2.5-free",
    },
    "unspecified-high": {
      "model": "opencode/mimo-v2.5-free",
    },
    "unspecified-low": {
      "model": "opencode/mimo-v2.5-free",
    },
    "visual-engineering": {
      "model": "opencode/mimo-v2.5-free",
    },
    "writing": {
      "model": "opencode/mimo-v2.5-free",
    },
  },
}
`;

exports[`generateModelConfig fallback providers uses OpenCode Zen models when only OpenCode Zen is available 1`] = `
{
  "$schema": "https://raw.githubusercontent.com/nalrom/oh-my-freeagent/main/assets/oh-my-opencode.schema.json",
  "agents": {
    "atlas": {
      "fallback_models": [
        {
          "model": "opencode/mimo-v2.5-free",
        },
        {
          "model": "opencode/minimax-m3-free",
        },
        {
          "model": "opencode/big-pickle",
        },
      ],
      "model": "opencode/deepseek-v4-flash-free",
    },
    "explore": {
      "fallback_models": [
        {
          "model": "opencode/minimax-m3-free",
        },
        {
          "model": "opencode/big-pickle",
        },
        {
          "model": "opencode/deepseek-v4-flash-free",
        },
      ],
      "model": "opencode/mimo-v2.5-free",
    },
    "hephaestus": {
      "fallback_models": [
        {
          "model": "opencode/mimo-v2.5-free",
        },
      ],
      "model": "opencode/deepseek-v4-flash-free",
    },
    "librarian": {
      "fallback_models": [
        {
          "model": "opencode/mimo-v2.5-free",
        },
        {
          "model": "opencode/big-pickle",
        },
        {
          "model": "opencode/deepseek-v4-flash-free",
        },
      ],
      "model": "opencode/minimax-m3-free",
    },
    "metis": {
      "fallback_models": [
        {
          "model": "opencode/minimax-m3-free",
        },
        {
          "model": "opencode/mimo-v2.5-free",
        },
        {
          "model": "opencode/big-pickle",
        },
      ],
      "model": "opencode/deepseek-v4-flash-free",
    },
    "momus": {
      "fallback_models": [
        {
          "model": "opencode/big-pickle",
        },
        {
          "model": "opencode/minimax-m3-free",
        },
        {
          "model": "opencode/mimo-v2.5-free",
        },
      ],
      "model": "opencode/deepseek-v4-flash-free",
    },
    "multimodal-looker": {
      "fallback_models": [
        {
          "model": "opencode/deepseek-v4-flash-free",
        },
      ],
      "model": "opencode/mimo-v2.5-free",
    },
    "oracle": {
      "fallback_models": [
        {
          "model": "opencode/big-pickle",
        },
        {
          "model": "opencode/minimax-m3-free",
        },
        {
          "model": "opencode/mimo-v2.5-free",
        },
      ],
      "model": "opencode/deepseek-v4-flash-free",
    },
    "prometheus": {
      "fallback_models": [
        {
          "model": "opencode/mimo-v2.5-free",
        },
        {
          "model": "opencode/minimax-m3-free",
        },
        {
          "model": "opencode/big-pickle",
        },
      ],
      "model": "opencode/deepseek-v4-flash-free",
    },
    "sisyphus": {
      "fallback_models": [
        {
          "model": "opencode/mimo-v2.5-free",
        },
        {
          "model": "opencode/minimax-m3-free",
        },
        {
          "model": "opencode/big-pickle",
        },
      ],
      "model": "opencode/deepseek-v4-flash-free",
    },
    "sisyphus-junior": {
      "fallback_models": [
        {
          "model": "opencode/mimo-v2.5-free",
        },
        {
          "model": "opencode/minimax-m3-free",
        },
        {
          "model": "opencode/big-pickle",
        },
      ],
      "model": "opencode/deepseek-v4-flash-free",
    },
  },
  "categories": {
    "artistry": {
      "fallback_models": [
        {
          "model": "opencode/minimax-m3-free",
        },
        {
          "model": "opencode/mimo-v2.5-free",
        },
        {
          "model": "opencode/big-pickle",
        },
      ],
      "model": "opencode/deepseek-v4-flash-free",
    },
    "deep": {
      "fallback_models": [
        {
          "model": "opencode/minimax-m3-free",
        },
        {
          "model": "opencode/mimo-v2.5-free",
        },
        {
          "model": "opencode/big-pickle",
        },
      ],
      "model": "opencode/deepseek-v4-flash-free",
    },
    "quick": {
      "fallback_models": [
        {
          "model": "opencode/minimax-m3-free",
        },
        {
          "model": "opencode/big-pickle",
        },
        {
          "model": "opencode/deepseek-v4-flash-free",
        },
      ],
      "model": "opencode/mimo-v2.5-free",
    },
    "ultrabrain": {
      "fallback_models": [
        {
          "model": "opencode/big-pickle",
        },
        {
          "model": "opencode/minimax-m3-free",
        },
        {
          "model": "opencode/mimo-v2.5-free",
        },
      ],
      "model": "opencode/deepseek-v4-flash-free",
    },
    "unspecified-high": {
      "fallback_models": [
        {
          "model": "opencode/minimax-m3-free",
        },
        {
          "model": "opencode/big-pickle",
        },
        {
          "model": "opencode/deepseek-v4-flash-free",
        },
      ],
      "model": "opencode/mimo-v2.5-free",
    },
    "unspecified-low": {
      "fallback_models": [
        {
          "model": "opencode/minimax-m3-free",
        },
        {
          "model": "opencode/big-pickle",
        },
        {
          "model": "opencode/deepseek-v4-flash-free",
        },
      ],
      "model": "opencode/mimo-v2.5-free",
    },
    "visual-engineering": {
      "fallback_models": [
        {
          "model": "opencode/minimax-m3-free",
        },
        {
          "model": "opencode/mimo-v2.5-free",
        },
      ],
      "model": "opencode/deepseek-v4-flash-free",
    },
    "writing": {
      "fallback_models": [
        {
          "model": "opencode/mimo-v2.5-free",
        },
        {
          "model": "opencode/deepseek-v4-flash-free",
        },
        {
          "model": "opencode/big-pickle",
        },
      ],
      "model": "opencode/minimax-m3-free",
    },
  },
}
`;

exports[`generateModelConfig fallback providers uses OpenCode Zen models with isMax20 flag 1`] = `
{
  "$schema": "https://raw.githubusercontent.com/nalrom/oh-my-freeagent/main/assets/oh-my-opencode.schema.json",
  "agents": {
    "atlas": {
      "fallback_models": [
        {
          "model": "opencode/mimo-v2.5-free",
        },
        {
          "model": "opencode/minimax-m3-free",
        },
        {
          "model": "opencode/big-pickle",
        },
      ],
      "model": "opencode/deepseek-v4-flash-free",
    },
    "explore": {
      "fallback_models": [
        {
          "model": "opencode/minimax-m3-free",
        },
        {
          "model": "opencode/big-pickle",
        },
        {
          "model": "opencode/deepseek-v4-flash-free",
        },
      ],
      "model": "opencode/mimo-v2.5-free",
    },
    "hephaestus": {
      "fallback_models": [
        {
          "model": "opencode/mimo-v2.5-free",
        },
      ],
      "model": "opencode/deepseek-v4-flash-free",
    },
    "librarian": {
      "fallback_models": [
        {
          "model": "opencode/mimo-v2.5-free",
        },
        {
          "model": "opencode/big-pickle",
        },
        {
          "model": "opencode/deepseek-v4-flash-free",
        },
      ],
      "model": "opencode/minimax-m3-free",
    },
    "metis": {
      "fallback_models": [
        {
          "model": "opencode/minimax-m3-free",
        },
        {
          "model": "opencode/mimo-v2.5-free",
        },
        {
          "model": "opencode/big-pickle",
        },
      ],
      "model": "opencode/deepseek-v4-flash-free",
    },
    "momus": {
      "fallback_models": [
        {
          "model": "opencode/big-pickle",
        },
        {
          "model": "opencode/minimax-m3-free",
        },
        {
          "model": "opencode/mimo-v2.5-free",
        },
      ],
      "model": "opencode/deepseek-v4-flash-free",
    },
    "multimodal-looker": {
      "fallback_models": [
        {
          "model": "opencode/deepseek-v4-flash-free",
        },
      ],
      "model": "opencode/mimo-v2.5-free",
    },
    "oracle": {
      "fallback_models": [
        {
          "model": "opencode/big-pickle",
        },
        {
          "model": "opencode/minimax-m3-free",
        },
        {
          "model": "opencode/mimo-v2.5-free",
        },
      ],
      "model": "opencode/deepseek-v4-flash-free",
    },
    "prometheus": {
      "fallback_models": [
        {
          "model": "opencode/mimo-v2.5-free",
        },
        {
          "model": "opencode/minimax-m3-free",
        },
        {
          "model": "opencode/big-pickle",
        },
      ],
      "model": "opencode/deepseek-v4-flash-free",
    },
    "sisyphus": {
      "fallback_models": [
        {
          "model": "opencode/mimo-v2.5-free",
        },
        {
          "model": "opencode/minimax-m3-free",
        },
        {
          "model": "opencode/big-pickle",
        },
      ],
      "model": "opencode/deepseek-v4-flash-free",
    },
    "sisyphus-junior": {
      "fallback_models": [
        {
          "model": "opencode/mimo-v2.5-free",
        },
        {
          "model": "opencode/minimax-m3-free",
        },
        {
          "model": "opencode/big-pickle",
        },
      ],
      "model": "opencode/deepseek-v4-flash-free",
    },
  },
  "categories": {
    "artistry": {
      "fallback_models": [
        {
          "model": "opencode/minimax-m3-free",
        },
        {
          "model": "opencode/mimo-v2.5-free",
        },
        {
          "model": "opencode/big-pickle",
        },
      ],
      "model": "opencode/deepseek-v4-flash-free",
    },
    "deep": {
      "fallback_models": [
        {
          "model": "opencode/minimax-m3-free",
        },
        {
          "model": "opencode/mimo-v2.5-free",
        },
        {
          "model": "opencode/big-pickle",
        },
      ],
      "model": "opencode/deepseek-v4-flash-free",
    },
    "quick": {
      "fallback_models": [
        {
          "model": "opencode/minimax-m3-free",
        },
        {
          "model": "opencode/big-pickle",
        },
        {
          "model": "opencode/deepseek-v4-flash-free",
        },
      ],
      "model": "opencode/mimo-v2.5-free",
    },
    "ultrabrain": {
      "fallback_models": [
        {
          "model": "opencode/big-pickle",
        },
        {
          "model": "opencode/minimax-m3-free",
        },
        {
          "model": "opencode/mimo-v2.5-free",
        },
      ],
      "model": "opencode/deepseek-v4-flash-free",
    },
    "unspecified-high": {
      "fallback_models": [
        {
          "model": "opencode/minimax-m3-free",
        },
        {
          "model": "opencode/mimo-v2.5-free",
        },
        {
          "model": "opencode/big-pickle",
        },
      ],
      "model": "opencode/deepseek-v4-flash-free",
    },
    "unspecified-low": {
      "fallback_models": [
        {
          "model": "opencode/minimax-m3-free",
        },
        {
          "model": "opencode/big-pickle",
        },
        {
          "model": "opencode/deepseek-v4-flash-free",
        },
      ],
      "model": "opencode/mimo-v2.5-free",
    },
    "visual-engineering": {
      "fallback_models": [
        {
          "model": "opencode/minimax-m3-free",
        },
        {
          "model": "opencode/mimo-v2.5-free",
        },
      ],
      "model": "opencode/deepseek-v4-flash-free",
    },
    "writing": {
      "fallback_models": [
        {
          "model": "opencode/mimo-v2.5-free",
        },
        {
          "model": "opencode/deepseek-v4-flash-free",
        },
        {
          "model": "opencode/big-pickle",
        },
      ],
      "model": "opencode/minimax-m3-free",
    },
  },
}
`;

exports[`generateModelConfig fallback providers uses GitHub Copilot models when only Copilot is available 1`] = `
{
  "$schema": "https://raw.githubusercontent.com/nalrom/oh-my-freeagent/main/assets/oh-my-opencode.schema.json",
  "agents": {
    "atlas": {
      "model": "opencode/mimo-v2.5-free",
    },
    "explore": {
      "model": "github-copilot/gpt-5-mini",
    },
    "hephaestus": {
      "model": "opencode/mimo-v2.5-free",
    },
    "metis": {
      "model": "opencode/mimo-v2.5-free",
    },
    "momus": {
      "model": "opencode/mimo-v2.5-free",
    },
    "multimodal-looker": {
      "model": "opencode/mimo-v2.5-free",
    },
    "oracle": {
      "model": "opencode/mimo-v2.5-free",
    },
    "prometheus": {
      "model": "opencode/mimo-v2.5-free",
    },
    "sisyphus-junior": {
      "model": "opencode/mimo-v2.5-free",
    },
  },
  "categories": {
    "artistry": {
      "model": "opencode/mimo-v2.5-free",
    },
    "deep": {
      "model": "opencode/mimo-v2.5-free",
    },
    "quick": {
      "model": "opencode/mimo-v2.5-free",
    },
    "ultrabrain": {
      "model": "opencode/mimo-v2.5-free",
    },
    "unspecified-high": {
      "model": "opencode/mimo-v2.5-free",
    },
    "unspecified-low": {
      "model": "opencode/mimo-v2.5-free",
    },
    "visual-engineering": {
      "model": "opencode/mimo-v2.5-free",
    },
    "writing": {
      "model": "opencode/mimo-v2.5-free",
    },
  },
}
`;

exports[`generateModelConfig fallback providers uses GitHub Copilot models with isMax20 flag 1`] = `
{
  "$schema": "https://raw.githubusercontent.com/nalrom/oh-my-freeagent/main/assets/oh-my-opencode.schema.json",
  "agents": {
    "atlas": {
      "model": "opencode/mimo-v2.5-free",
    },
    "explore": {
      "model": "github-copilot/gpt-5-mini",
    },
    "hephaestus": {
      "model": "opencode/mimo-v2.5-free",
    },
    "metis": {
      "model": "opencode/mimo-v2.5-free",
    },
    "momus": {
      "model": "opencode/mimo-v2.5-free",
    },
    "multimodal-looker": {
      "model": "opencode/mimo-v2.5-free",
    },
    "oracle": {
      "model": "opencode/mimo-v2.5-free",
    },
    "prometheus": {
      "model": "opencode/mimo-v2.5-free",
    },
    "sisyphus-junior": {
      "model": "opencode/mimo-v2.5-free",
    },
  },
  "categories": {
    "artistry": {
      "model": "opencode/mimo-v2.5-free",
    },
    "deep": {
      "model": "opencode/mimo-v2.5-free",
    },
    "quick": {
      "model": "opencode/mimo-v2.5-free",
    },
    "ultrabrain": {
      "model": "opencode/mimo-v2.5-free",
    },
    "unspecified-high": {
      "model": "opencode/mimo-v2.5-free",
    },
    "unspecified-low": {
      "model": "opencode/mimo-v2.5-free",
    },
    "visual-engineering": {
      "model": "opencode/mimo-v2.5-free",
    },
    "writing": {
      "model": "opencode/mimo-v2.5-free",
    },
  },
}
`;

exports[`generateModelConfig mixed provider scenarios uses Claude + OpenCode Zen combination 1`] = `
{
  "$schema": "https://raw.githubusercontent.com/nalrom/oh-my-freeagent/main/assets/oh-my-opencode.schema.json",
  "agents": {
    "atlas": {
      "fallback_models": [
        {
          "model": "opencode/mimo-v2.5-free",
        },
        {
          "model": "opencode/minimax-m3-free",
        },
        {
          "model": "opencode/big-pickle",
        },
      ],
      "model": "opencode/deepseek-v4-flash-free",
    },
    "explore": {
      "fallback_models": [
        {
          "model": "opencode/mimo-v2.5-free",
        },
        {
          "model": "opencode/minimax-m3-free",
        },
        {
          "model": "opencode/big-pickle",
        },
        {
          "model": "opencode/deepseek-v4-flash-free",
        },
      ],
      "model": "anthropic/claude-haiku-4-5",
    },
    "hephaestus": {
      "fallback_models": [
        {
          "model": "opencode/mimo-v2.5-free",
        },
      ],
      "model": "opencode/deepseek-v4-flash-free",
    },
    "librarian": {
      "fallback_models": [
        {
          "model": "opencode/mimo-v2.5-free",
        },
        {
          "model": "opencode/big-pickle",
        },
        {
          "model": "opencode/deepseek-v4-flash-free",
        },
      ],
      "model": "opencode/minimax-m3-free",
    },
    "metis": {
      "fallback_models": [
        {
          "model": "opencode/minimax-m3-free",
        },
        {
          "model": "opencode/mimo-v2.5-free",
        },
        {
          "model": "opencode/big-pickle",
        },
      ],
      "model": "opencode/deepseek-v4-flash-free",
    },
    "momus": {
      "fallback_models": [
        {
          "model": "opencode/big-pickle",
        },
        {
          "model": "opencode/minimax-m3-free",
        },
        {
          "model": "opencode/mimo-v2.5-free",
        },
      ],
      "model": "opencode/deepseek-v4-flash-free",
    },
    "multimodal-looker": {
      "fallback_models": [
        {
          "model": "opencode/deepseek-v4-flash-free",
        },
      ],
      "model": "opencode/mimo-v2.5-free",
    },
    "oracle": {
      "fallback_models": [
        {
          "model": "opencode/big-pickle",
        },
        {
          "model": "opencode/minimax-m3-free",
        },
        {
          "model": "opencode/mimo-v2.5-free",
        },
      ],
      "model": "opencode/deepseek-v4-flash-free",
    },
    "prometheus": {
      "fallback_models": [
        {
          "model": "opencode/mimo-v2.5-free",
        },
        {
          "model": "opencode/minimax-m3-free",
        },
        {
          "model": "opencode/big-pickle",
        },
      ],
      "model": "opencode/deepseek-v4-flash-free",
    },
    "sisyphus": {
      "fallback_models": [
        {
          "model": "opencode/mimo-v2.5-free",
        },
        {
          "model": "opencode/minimax-m3-free",
        },
        {
          "model": "opencode/big-pickle",
        },
      ],
      "model": "opencode/deepseek-v4-flash-free",
    },
    "sisyphus-junior": {
      "fallback_models": [
        {
          "model": "opencode/mimo-v2.5-free",
        },
        {
          "model": "opencode/minimax-m3-free",
        },
        {
          "model": "opencode/big-pickle",
        },
      ],
      "model": "opencode/deepseek-v4-flash-free",
    },
  },
  "categories": {
    "artistry": {
      "fallback_models": [
        {
          "model": "opencode/minimax-m3-free",
        },
        {
          "model": "opencode/mimo-v2.5-free",
        },
        {
          "model": "opencode/big-pickle",
        },
      ],
      "model": "opencode/deepseek-v4-flash-free",
    },
    "deep": {
      "fallback_models": [
        {
          "model": "opencode/minimax-m3-free",
        },
        {
          "model": "opencode/mimo-v2.5-free",
        },
        {
          "model": "opencode/big-pickle",
        },
      ],
      "model": "opencode/deepseek-v4-flash-free",
    },
    "quick": {
      "fallback_models": [
        {
          "model": "opencode/minimax-m3-free",
        },
        {
          "model": "opencode/big-pickle",
        },
        {
          "model": "opencode/deepseek-v4-flash-free",
        },
      ],
      "model": "opencode/mimo-v2.5-free",
    },
    "ultrabrain": {
      "fallback_models": [
        {
          "model": "opencode/big-pickle",
        },
        {
          "model": "opencode/minimax-m3-free",
        },
        {
          "model": "opencode/mimo-v2.5-free",
        },
      ],
      "model": "opencode/deepseek-v4-flash-free",
    },
    "unspecified-high": {
      "fallback_models": [
        {
          "model": "opencode/minimax-m3-free",
        },
        {
          "model": "opencode/big-pickle",
        },
        {
          "model": "opencode/deepseek-v4-flash-free",
        },
      ],
      "model": "opencode/mimo-v2.5-free",
    },
    "unspecified-low": {
      "fallback_models": [
        {
          "model": "opencode/minimax-m3-free",
        },
        {
          "model": "opencode/big-pickle",
        },
        {
          "model": "opencode/deepseek-v4-flash-free",
        },
      ],
      "model": "opencode/mimo-v2.5-free",
    },
    "visual-engineering": {
      "fallback_models": [
        {
          "model": "opencode/minimax-m3-free",
        },
        {
          "model": "opencode/mimo-v2.5-free",
        },
      ],
      "model": "opencode/deepseek-v4-flash-free",
    },
    "writing": {
      "fallback_models": [
        {
          "model": "opencode/mimo-v2.5-free",
        },
        {
          "model": "opencode/deepseek-v4-flash-free",
        },
        {
          "model": "opencode/big-pickle",
        },
      ],
      "model": "opencode/minimax-m3-free",
    },
  },
}
`;

exports[`generateModelConfig mixed provider scenarios uses OpenAI + Copilot combination 1`] = `
{
  "$schema": "https://raw.githubusercontent.com/nalrom/oh-my-freeagent/main/assets/oh-my-opencode.schema.json",
  "agents": {
    "atlas": {
      "model": "opencode/mimo-v2.5-free",
    },
    "explore": {
      "model": "openai/gpt-5.4-mini-fast",
    },
    "hephaestus": {
      "model": "opencode/mimo-v2.5-free",
    },
    "metis": {
      "model": "opencode/mimo-v2.5-free",
    },
    "momus": {
      "model": "opencode/mimo-v2.5-free",
    },
    "multimodal-looker": {
      "model": "opencode/mimo-v2.5-free",
    },
    "oracle": {
      "model": "opencode/mimo-v2.5-free",
    },
    "prometheus": {
      "model": "opencode/mimo-v2.5-free",
    },
    "sisyphus-junior": {
      "model": "opencode/mimo-v2.5-free",
    },
  },
  "categories": {
    "artistry": {
      "model": "opencode/mimo-v2.5-free",
    },
    "deep": {
      "model": "opencode/mimo-v2.5-free",
    },
    "quick": {
      "model": "opencode/mimo-v2.5-free",
    },
    "ultrabrain": {
      "model": "opencode/mimo-v2.5-free",
    },
    "unspecified-high": {
      "model": "opencode/mimo-v2.5-free",
    },
    "unspecified-low": {
      "model": "opencode/mimo-v2.5-free",
    },
    "visual-engineering": {
      "model": "opencode/mimo-v2.5-free",
    },
    "writing": {
      "model": "opencode/mimo-v2.5-free",
    },
  },
}
`;

exports[`generateModelConfig mixed provider scenarios uses Claude + ZAI combination with librarian on Claude fallback 1`] = `
{
  "$schema": "https://raw.githubusercontent.com/nalrom/oh-my-freeagent/main/assets/oh-my-opencode.schema.json",
  "agents": {
    "atlas": {
      "model": "opencode/mimo-v2.5-free",
    },
    "explore": {
      "model": "anthropic/claude-haiku-4-5",
    },
    "hephaestus": {
      "model": "opencode/mimo-v2.5-free",
    },
    "metis": {
      "model": "opencode/mimo-v2.5-free",
    },
    "momus": {
      "model": "opencode/mimo-v2.5-free",
    },
    "multimodal-looker": {
      "model": "opencode/mimo-v2.5-free",
    },
    "oracle": {
      "model": "opencode/mimo-v2.5-free",
    },
    "prometheus": {
      "model": "opencode/mimo-v2.5-free",
    },
    "sisyphus-junior": {
      "model": "opencode/mimo-v2.5-free",
    },
  },
  "categories": {
    "artistry": {
      "model": "opencode/mimo-v2.5-free",
    },
    "deep": {
      "model": "opencode/mimo-v2.5-free",
    },
    "quick": {
      "model": "opencode/mimo-v2.5-free",
    },
    "ultrabrain": {
      "model": "opencode/mimo-v2.5-free",
    },
    "unspecified-high": {
      "model": "opencode/mimo-v2.5-free",
    },
    "unspecified-low": {
      "model": "opencode/mimo-v2.5-free",
    },
    "visual-engineering": {
      "model": "opencode/mimo-v2.5-free",
    },
    "writing": {
      "model": "opencode/mimo-v2.5-free",
    },
  },
}
`;

exports[`generateModelConfig mixed provider scenarios uses Gemini + Claude combination (explore uses Gemini) 1`] = `
{
  "$schema": "https://raw.githubusercontent.com/nalrom/oh-my-freeagent/main/assets/oh-my-opencode.schema.json",
  "agents": {
    "atlas": {
      "model": "opencode/mimo-v2.5-free",
    },
    "explore": {
      "model": "anthropic/claude-haiku-4-5",
    },
    "hephaestus": {
      "model": "opencode/mimo-v2.5-free",
    },
    "metis": {
      "model": "opencode/mimo-v2.5-free",
    },
    "momus": {
      "model": "opencode/mimo-v2.5-free",
    },
    "multimodal-looker": {
      "model": "opencode/mimo-v2.5-free",
    },
    "oracle": {
      "model": "opencode/mimo-v2.5-free",
    },
    "prometheus": {
      "model": "opencode/mimo-v2.5-free",
    },
    "sisyphus-junior": {
      "model": "opencode/mimo-v2.5-free",
    },
  },
  "categories": {
    "artistry": {
      "model": "opencode/mimo-v2.5-free",
    },
    "deep": {
      "model": "opencode/mimo-v2.5-free",
    },
    "quick": {
      "model": "opencode/mimo-v2.5-free",
    },
    "ultrabrain": {
      "model": "opencode/mimo-v2.5-free",
    },
    "unspecified-high": {
      "model": "opencode/mimo-v2.5-free",
    },
    "unspecified-low": {
      "model": "opencode/mimo-v2.5-free",
    },
    "visual-engineering": {
      "model": "opencode/mimo-v2.5-free",
    },
    "writing": {
      "model": "opencode/mimo-v2.5-free",
    },
  },
}
`;

exports[`generateModelConfig mixed provider scenarios uses all fallback providers together 1`] = `
{
  "$schema": "https://raw.githubusercontent.com/nalrom/oh-my-freeagent/main/assets/oh-my-opencode.schema.json",
  "agents": {
    "atlas": {
      "fallback_models": [
        {
          "model": "opencode/mimo-v2.5-free",
        },
        {
          "model": "opencode/minimax-m3-free",
        },
        {
          "model": "opencode/big-pickle",
        },
      ],
      "model": "opencode/deepseek-v4-flash-free",
    },
    "explore": {
      "fallback_models": [
        {
          "model": "opencode/minimax-m3-free",
        },
        {
          "model": "opencode/big-pickle",
        },
        {
          "model": "opencode/deepseek-v4-flash-free",
        },
      ],
      "model": "opencode/mimo-v2.5-free",
    },
    "hephaestus": {
      "fallback_models": [
        {
          "model": "opencode/mimo-v2.5-free",
        },
      ],
      "model": "opencode/deepseek-v4-flash-free",
    },
    "librarian": {
      "fallback_models": [
        {
          "model": "opencode/mimo-v2.5-free",
        },
        {
          "model": "opencode/big-pickle",
        },
        {
          "model": "opencode/deepseek-v4-flash-free",
        },
      ],
      "model": "opencode/minimax-m3-free",
    },
    "metis": {
      "fallback_models": [
        {
          "model": "opencode/minimax-m3-free",
        },
        {
          "model": "opencode/mimo-v2.5-free",
        },
        {
          "model": "opencode/big-pickle",
        },
      ],
      "model": "opencode/deepseek-v4-flash-free",
    },
    "momus": {
      "fallback_models": [
        {
          "model": "opencode/big-pickle",
        },
        {
          "model": "opencode/minimax-m3-free",
        },
        {
          "model": "opencode/mimo-v2.5-free",
        },
      ],
      "model": "opencode/deepseek-v4-flash-free",
    },
    "multimodal-looker": {
      "fallback_models": [
        {
          "model": "opencode/deepseek-v4-flash-free",
        },
      ],
      "model": "opencode/mimo-v2.5-free",
    },
    "oracle": {
      "fallback_models": [
        {
          "model": "opencode/big-pickle",
        },
        {
          "model": "opencode/minimax-m3-free",
        },
        {
          "model": "opencode/mimo-v2.5-free",
        },
      ],
      "model": "opencode/deepseek-v4-flash-free",
    },
    "prometheus": {
      "fallback_models": [
        {
          "model": "opencode/mimo-v2.5-free",
        },
        {
          "model": "opencode/minimax-m3-free",
        },
        {
          "model": "opencode/big-pickle",
        },
      ],
      "model": "opencode/deepseek-v4-flash-free",
    },
    "sisyphus": {
      "fallback_models": [
        {
          "model": "opencode/mimo-v2.5-free",
        },
        {
          "model": "opencode/minimax-m3-free",
        },
        {
          "model": "opencode/big-pickle",
        },
      ],
      "model": "opencode/deepseek-v4-flash-free",
    },
    "sisyphus-junior": {
      "fallback_models": [
        {
          "model": "opencode/mimo-v2.5-free",
        },
        {
          "model": "opencode/minimax-m3-free",
        },
        {
          "model": "opencode/big-pickle",
        },
      ],
      "model": "opencode/deepseek-v4-flash-free",
    },
  },
  "categories": {
    "artistry": {
      "fallback_models": [
        {
          "model": "opencode/minimax-m3-free",
        },
        {
          "model": "opencode/mimo-v2.5-free",
        },
        {
          "model": "opencode/big-pickle",
        },
      ],
      "model": "opencode/deepseek-v4-flash-free",
    },
    "deep": {
      "fallback_models": [
        {
          "model": "opencode/minimax-m3-free",
        },
        {
          "model": "opencode/mimo-v2.5-free",
        },
        {
          "model": "opencode/big-pickle",
        },
      ],
      "model": "opencode/deepseek-v4-flash-free",
    },
    "quick": {
      "fallback_models": [
        {
          "model": "opencode/minimax-m3-free",
        },
        {
          "model": "opencode/big-pickle",
        },
        {
          "model": "opencode/deepseek-v4-flash-free",
        },
      ],
      "model": "opencode/mimo-v2.5-free",
    },
    "ultrabrain": {
      "fallback_models": [
        {
          "model": "opencode/big-pickle",
        },
        {
          "model": "opencode/minimax-m3-free",
        },
        {
          "model": "opencode/mimo-v2.5-free",
        },
      ],
      "model": "opencode/deepseek-v4-flash-free",
    },
    "unspecified-high": {
      "fallback_models": [
        {
          "model": "opencode/minimax-m3-free",
        },
        {
          "model": "opencode/big-pickle",
        },
        {
          "model": "opencode/deepseek-v4-flash-free",
        },
      ],
      "model": "opencode/mimo-v2.5-free",
    },
    "unspecified-low": {
      "fallback_models": [
        {
          "model": "opencode/minimax-m3-free",
        },
        {
          "model": "opencode/big-pickle",
        },
        {
          "model": "opencode/deepseek-v4-flash-free",
        },
      ],
      "model": "opencode/mimo-v2.5-free",
    },
    "visual-engineering": {
      "fallback_models": [
        {
          "model": "opencode/minimax-m3-free",
        },
        {
          "model": "opencode/mimo-v2.5-free",
        },
      ],
      "model": "opencode/deepseek-v4-flash-free",
    },
    "writing": {
      "fallback_models": [
        {
          "model": "opencode/mimo-v2.5-free",
        },
        {
          "model": "opencode/deepseek-v4-flash-free",
        },
        {
          "model": "opencode/big-pickle",
        },
      ],
      "model": "opencode/minimax-m3-free",
    },
  },
}
`;

exports[`generateModelConfig mixed provider scenarios uses all providers together 1`] = `
{
  "$schema": "https://raw.githubusercontent.com/nalrom/oh-my-freeagent/main/assets/oh-my-opencode.schema.json",
  "agents": {
    "atlas": {
      "fallback_models": [
        {
          "model": "opencode/mimo-v2.5-free",
        },
        {
          "model": "opencode/minimax-m3-free",
        },
        {
          "model": "opencode/big-pickle",
        },
      ],
      "model": "opencode/deepseek-v4-flash-free",
    },
    "explore": {
      "fallback_models": [
        {
          "model": "opencode/mimo-v2.5-free",
        },
        {
          "model": "opencode/minimax-m3-free",
        },
        {
          "model": "opencode/big-pickle",
        },
        {
          "model": "opencode/deepseek-v4-flash-free",
        },
      ],
      "model": "openai/gpt-5.4-mini-fast",
    },
    "hephaestus": {
      "fallback_models": [
        {
          "model": "opencode/mimo-v2.5-free",
        },
      ],
      "model": "opencode/deepseek-v4-flash-free",
    },
    "librarian": {
      "fallback_models": [
        {
          "model": "opencode/mimo-v2.5-free",
        },
        {
          "model": "opencode/big-pickle",
        },
        {
          "model": "opencode/deepseek-v4-flash-free",
        },
      ],
      "model": "opencode/minimax-m3-free",
    },
    "metis": {
      "fallback_models": [
        {
          "model": "opencode/minimax-m3-free",
        },
        {
          "model": "opencode/mimo-v2.5-free",
        },
        {
          "model": "opencode/big-pickle",
        },
      ],
      "model": "opencode/deepseek-v4-flash-free",
    },
    "momus": {
      "fallback_models": [
        {
          "model": "opencode/big-pickle",
        },
        {
          "model": "opencode/minimax-m3-free",
        },
        {
          "model": "opencode/mimo-v2.5-free",
        },
      ],
      "model": "opencode/deepseek-v4-flash-free",
    },
    "multimodal-looker": {
      "fallback_models": [
        {
          "model": "opencode/deepseek-v4-flash-free",
        },
      ],
      "model": "opencode/mimo-v2.5-free",
    },
    "oracle": {
      "fallback_models": [
        {
          "model": "opencode/big-pickle",
        },
        {
          "model": "opencode/minimax-m3-free",
        },
        {
          "model": "opencode/mimo-v2.5-free",
        },
      ],
      "model": "opencode/deepseek-v4-flash-free",
    },
    "prometheus": {
      "fallback_models": [
        {
          "model": "opencode/mimo-v2.5-free",
        },
        {
          "model": "opencode/minimax-m3-free",
        },
        {
          "model": "opencode/big-pickle",
        },
      ],
      "model": "opencode/deepseek-v4-flash-free",
    },
    "sisyphus": {
      "fallback_models": [
        {
          "model": "opencode/mimo-v2.5-free",
        },
        {
          "model": "opencode/minimax-m3-free",
        },
        {
          "model": "opencode/big-pickle",
        },
      ],
      "model": "opencode/deepseek-v4-flash-free",
    },
    "sisyphus-junior": {
      "fallback_models": [
        {
          "model": "opencode/mimo-v2.5-free",
        },
        {
          "model": "opencode/minimax-m3-free",
        },
        {
          "model": "opencode/big-pickle",
        },
      ],
      "model": "opencode/deepseek-v4-flash-free",
    },
  },
  "categories": {
    "artistry": {
      "fallback_models": [
        {
          "model": "opencode/minimax-m3-free",
        },
        {
          "model": "opencode/mimo-v2.5-free",
        },
        {
          "model": "opencode/big-pickle",
        },
      ],
      "model": "opencode/deepseek-v4-flash-free",
    },
    "deep": {
      "fallback_models": [
        {
          "model": "opencode/minimax-m3-free",
        },
        {
          "model": "opencode/mimo-v2.5-free",
        },
        {
          "model": "opencode/big-pickle",
        },
      ],
      "model": "opencode/deepseek-v4-flash-free",
    },
    "quick": {
      "fallback_models": [
        {
          "model": "opencode/minimax-m3-free",
        },
        {
          "model": "opencode/big-pickle",
        },
        {
          "model": "opencode/deepseek-v4-flash-free",
        },
      ],
      "model": "opencode/mimo-v2.5-free",
    },
    "ultrabrain": {
      "fallback_models": [
        {
          "model": "opencode/big-pickle",
        },
        {
          "model": "opencode/minimax-m3-free",
        },
        {
          "model": "opencode/mimo-v2.5-free",
        },
      ],
      "model": "opencode/deepseek-v4-flash-free",
    },
    "unspecified-high": {
      "fallback_models": [
        {
          "model": "opencode/minimax-m3-free",
        },
        {
          "model": "opencode/big-pickle",
        },
        {
          "model": "opencode/deepseek-v4-flash-free",
        },
      ],
      "model": "opencode/mimo-v2.5-free",
    },
    "unspecified-low": {
      "fallback_models": [
        {
          "model": "opencode/minimax-m3-free",
        },
        {
          "model": "opencode/big-pickle",
        },
        {
          "model": "opencode/deepseek-v4-flash-free",
        },
      ],
      "model": "opencode/mimo-v2.5-free",
    },
    "visual-engineering": {
      "fallback_models": [
        {
          "model": "opencode/minimax-m3-free",
        },
        {
          "model": "opencode/mimo-v2.5-free",
        },
      ],
      "model": "opencode/deepseek-v4-flash-free",
    },
    "writing": {
      "fallback_models": [
        {
          "model": "opencode/mimo-v2.5-free",
        },
        {
          "model": "opencode/deepseek-v4-flash-free",
        },
        {
          "model": "opencode/big-pickle",
        },
      ],
      "model": "opencode/minimax-m3-free",
    },
  },
}
`;

exports[`generateModelConfig mixed provider scenarios uses all providers with isMax20 flag 1`] = `
{
  "$schema": "https://raw.githubusercontent.com/nalrom/oh-my-freeagent/main/assets/oh-my-opencode.schema.json",
  "agents": {
    "atlas": {
      "fallback_models": [
        {
          "model": "opencode/mimo-v2.5-free",
        },
        {
          "model": "opencode/minimax-m3-free",
        },
        {
          "model": "opencode/big-pickle",
        },
      ],
      "model": "opencode/deepseek-v4-flash-free",
    },
    "explore": {
      "fallback_models": [
        {
          "model": "opencode/mimo-v2.5-free",
        },
        {
          "model": "opencode/minimax-m3-free",
        },
        {
          "model": "opencode/big-pickle",
        },
        {
          "model": "opencode/deepseek-v4-flash-free",
        },
      ],
      "model": "openai/gpt-5.4-mini-fast",
    },
    "hephaestus": {
      "fallback_models": [
        {
          "model": "opencode/mimo-v2.5-free",
        },
      ],
      "model": "opencode/deepseek-v4-flash-free",
    },
    "librarian": {
      "fallback_models": [
        {
          "model": "opencode/mimo-v2.5-free",
        },
        {
          "model": "opencode/big-pickle",
        },
        {
          "model": "opencode/deepseek-v4-flash-free",
        },
      ],
      "model": "opencode/minimax-m3-free",
    },
    "metis": {
      "fallback_models": [
        {
          "model": "opencode/minimax-m3-free",
        },
        {
          "model": "opencode/mimo-v2.5-free",
        },
        {
          "model": "opencode/big-pickle",
        },
      ],
      "model": "opencode/deepseek-v4-flash-free",
    },
    "momus": {
      "fallback_models": [
        {
          "model": "opencode/big-pickle",
        },
        {
          "model": "opencode/minimax-m3-free",
        },
        {
          "model": "opencode/mimo-v2.5-free",
        },
      ],
      "model": "opencode/deepseek-v4-flash-free",
    },
    "multimodal-looker": {
      "fallback_models": [
        {
          "model": "opencode/deepseek-v4-flash-free",
        },
      ],
      "model": "opencode/mimo-v2.5-free",
    },
    "oracle": {
      "fallback_models": [
        {
          "model": "opencode/big-pickle",
        },
        {
          "model": "opencode/minimax-m3-free",
        },
        {
          "model": "opencode/mimo-v2.5-free",
        },
      ],
      "model": "opencode/deepseek-v4-flash-free",
    },
    "prometheus": {
      "fallback_models": [
        {
          "model": "opencode/mimo-v2.5-free",
        },
        {
          "model": "opencode/minimax-m3-free",
        },
        {
          "model": "opencode/big-pickle",
        },
      ],
      "model": "opencode/deepseek-v4-flash-free",
    },
    "sisyphus": {
      "fallback_models": [
        {
          "model": "opencode/mimo-v2.5-free",
        },
        {
          "model": "opencode/minimax-m3-free",
        },
        {
          "model": "opencode/big-pickle",
        },
      ],
      "model": "opencode/deepseek-v4-flash-free",
    },
    "sisyphus-junior": {
      "fallback_models": [
        {
          "model": "opencode/mimo-v2.5-free",
        },
        {
          "model": "opencode/minimax-m3-free",
        },
        {
          "model": "opencode/big-pickle",
        },
      ],
      "model": "opencode/deepseek-v4-flash-free",
    },
  },
  "categories": {
    "artistry": {
      "fallback_models": [
        {
          "model": "opencode/minimax-m3-free",
        },
        {
          "model": "opencode/mimo-v2.5-free",
        },
        {
          "model": "opencode/big-pickle",
        },
      ],
      "model": "opencode/deepseek-v4-flash-free",
    },
    "deep": {
      "fallback_models": [
        {
          "model": "opencode/minimax-m3-free",
        },
        {
          "model": "opencode/mimo-v2.5-free",
        },
        {
          "model": "opencode/big-pickle",
        },
      ],
      "model": "opencode/deepseek-v4-flash-free",
    },
    "quick": {
      "fallback_models": [
        {
          "model": "opencode/minimax-m3-free",
        },
        {
          "model": "opencode/big-pickle",
        },
        {
          "model": "opencode/deepseek-v4-flash-free",
        },
      ],
      "model": "opencode/mimo-v2.5-free",
    },
    "ultrabrain": {
      "fallback_models": [
        {
          "model": "opencode/big-pickle",
        },
        {
          "model": "opencode/minimax-m3-free",
        },
        {
          "model": "opencode/mimo-v2.5-free",
        },
      ],
      "model": "opencode/deepseek-v4-flash-free",
    },
    "unspecified-high": {
      "fallback_models": [
        {
          "model": "opencode/minimax-m3-free",
        },
        {
          "model": "opencode/mimo-v2.5-free",
        },
        {
          "model": "opencode/big-pickle",
        },
      ],
      "model": "opencode/deepseek-v4-flash-free",
    },
    "unspecified-low": {
      "fallback_models": [
        {
          "model": "opencode/minimax-m3-free",
        },
        {
          "model": "opencode/big-pickle",
        },
        {
          "model": "opencode/deepseek-v4-flash-free",
        },
      ],
      "model": "opencode/mimo-v2.5-free",
    },
    "visual-engineering": {
      "fallback_models": [
        {
          "model": "opencode/minimax-m3-free",
        },
        {
          "model": "opencode/mimo-v2.5-free",
        },
      ],
      "model": "opencode/deepseek-v4-flash-free",
    },
    "writing": {
      "fallback_models": [
        {
          "model": "opencode/mimo-v2.5-free",
        },
        {
          "model": "opencode/deepseek-v4-flash-free",
        },
        {
          "model": "opencode/big-pickle",
        },
      ],
      "model": "opencode/minimax-m3-free",
    },
  },
}
`;

exports[`generateModelConfig Vercel AI Gateway provider uses vercel/ model strings when only Vercel AI Gateway is available 1`] = `
{
  "$schema": "https://raw.githubusercontent.com/nalrom/oh-my-freeagent/main/assets/oh-my-opencode.schema.json",
  "agents": {
    "atlas": {
      "model": "opencode/mimo-v2.5-free",
    },
    "explore": {
      "model": "opencode/mimo-v2.5-free",
    },
    "hephaestus": {
      "model": "opencode/mimo-v2.5-free",
    },
    "metis": {
      "model": "opencode/mimo-v2.5-free",
    },
    "momus": {
      "model": "opencode/mimo-v2.5-free",
    },
    "multimodal-looker": {
      "model": "opencode/mimo-v2.5-free",
    },
    "oracle": {
      "model": "opencode/mimo-v2.5-free",
    },
    "prometheus": {
      "model": "opencode/mimo-v2.5-free",
    },
    "sisyphus-junior": {
      "model": "opencode/mimo-v2.5-free",
    },
  },
  "categories": {
    "artistry": {
      "model": "opencode/mimo-v2.5-free",
    },
    "deep": {
      "model": "opencode/mimo-v2.5-free",
    },
    "quick": {
      "model": "opencode/mimo-v2.5-free",
    },
    "ultrabrain": {
      "model": "opencode/mimo-v2.5-free",
    },
    "unspecified-high": {
      "model": "opencode/mimo-v2.5-free",
    },
    "unspecified-low": {
      "model": "opencode/mimo-v2.5-free",
    },
    "visual-engineering": {
      "model": "opencode/mimo-v2.5-free",
    },
    "writing": {
      "model": "opencode/mimo-v2.5-free",
    },
  },
}
`;

exports[`generateModelConfig Vercel AI Gateway provider uses vercel/ model strings with isMax20 flag 1`] = `
{
  "$schema": "https://raw.githubusercontent.com/nalrom/oh-my-freeagent/main/assets/oh-my-opencode.schema.json",
  "agents": {
    "atlas": {
      "model": "opencode/mimo-v2.5-free",
    },
    "explore": {
      "model": "opencode/mimo-v2.5-free",
    },
    "hephaestus": {
      "model": "opencode/mimo-v2.5-free",
    },
    "metis": {
      "model": "opencode/mimo-v2.5-free",
    },
    "momus": {
      "model": "opencode/mimo-v2.5-free",
    },
    "multimodal-looker": {
      "model": "opencode/mimo-v2.5-free",
    },
    "oracle": {
      "model": "opencode/mimo-v2.5-free",
    },
    "prometheus": {
      "model": "opencode/mimo-v2.5-free",
    },
    "sisyphus-junior": {
      "model": "opencode/mimo-v2.5-free",
    },
  },
  "categories": {
    "artistry": {
      "model": "opencode/mimo-v2.5-free",
    },
    "deep": {
      "model": "opencode/mimo-v2.5-free",
    },
    "quick": {
      "model": "opencode/mimo-v2.5-free",
    },
    "ultrabrain": {
      "model": "opencode/mimo-v2.5-free",
    },
    "unspecified-high": {
      "model": "opencode/mimo-v2.5-free",
    },
    "unspecified-low": {
      "model": "opencode/mimo-v2.5-free",
    },
    "visual-engineering": {
      "model": "opencode/mimo-v2.5-free",
    },
    "writing": {
      "model": "opencode/mimo-v2.5-free",
    },
  },
}
`;
